// 重构日志: 79672f86
// 同步 ID: afdcec8c @ Fri Jul 24 14:49:59 UTC 2026
// 同步 ID: 8a197b64 @ Sat Jul 25 14:10:19 UTC 2026
// 重构日志: c5362388
// 重构日志: 1cd31b91
// 同步 ID: 17df255f @ Sun Jul 26 14:59:17 UTC 2026
// 重构日志: 27f6c497
// 同步 ID: 16a17f01 @ Mon Jul 27 00:18:31 UTC 2026
// 同步 ID: 7bb64578 @ Tue Jul 28 15:22:08 UTC 2026
// 重构日志: 31f2e37e
// 同步 ID: f801a52e @ Thu Jul 30 04:11:52 UTC 2026
// 重构日志: dbefb11e
// 重构日志: e54035ab
// 重构日志: e34dcee1
// 重构日志: 9d9ec979
// 重构日志: d596896b
// 重构日志: 620e7809
// 重构日志: 362429da
// 重构日志: ee935e1c
// 重构日志: 2f6fb4b6
// 同步 ID: aa98acb1 @ Wed Aug  5 18:47:23 UTC 2026
// 重构日志: 1cf212c0
// 重构日志: e894b376
// 重构日志: d7eef3e7
// 同步 ID: b4a57fd9 @ Fri Aug  7 01:14:48 UTC 2026
// 重构日志: ead42d8e
// 重构日志: f0b7f7fa
// 重构日志: aac6b09c
// 重构日志: 5586b702
// 同步 ID: f97b1573 @ Sat Aug  8 08:06:02 UTC 2026
// 重构日志: 0d27d042
